<html>
<body>
<pre>
<h1>µVision Build Log</h1>
<h2>Tool Versions:</h2>
IDE-Version: ¦ÌVision V5.14.2
Copyright (C) 2015 ARM Ltd and ARM Germany GmbH. All rights reserved.
License Information: Cortex-M3, dc, LIC=WHY45-GFHKN-3MB9Q-NPN93-T25W3-AULM0
 
Tool Versions:
Toolchain:       MDK-ARM Standard  Version: 5.11.0.0
Toolchain Path:  D:\SOFT\Keil\ARM\ARMCC\Bin
C Compiler:      Armcc.exe V5.04 update 1 (build 49)
Assembler:       Armasm.exe V5.04 update 1 (build 49)
Linker/Locator:  ArmLink.exe V5.04 update 1 (build 49)
Library Manager: ArmAr.exe V5.04 update 1 (build 49)
Hex Converter:   FromElf.exe V5.04 update 1 (build 49)
CPU DLL:         SARMCM3.DLL V5.11.0.0
Dialog DLL:      DCM.DLL V1.11.0.0
Target DLL:      STLink\ST-LINKIII-KEIL_SWO.dll V2.0.6.0_KEIL
Dialog DLL:      TCM.DLL V1.14.1.0
 
<h2>Project:</h2>
C:\Users\46071\Desktop\ADC-PWM_1\ADC-PWM_1\ADC_PWM\MDK-ARM\ADC_PWM.uvprojx
Project File Date:  06/03/2018

<h2>Output:</h2>
*** Using Compiler 'V5.04 update 1 (build 49)', folder: 'D:\SOFT\Keil\ARM\ARMCC\Bin'
Build target 'ADC_PWM'
compiling blance_adc.c...
linking...
Program Size: Code=13088 RO-data=376 RW-data=24 ZI-data=1248  
FromELF: creating hex file...
"ADC_PWM\ADC_PWM.axf" - 0 Error(s), 0 Warning(s).

<h2>Software Packages used:</h2>

Package Vendor: ARM
                http://www.keil.com/pack/ARM.CMSIS.5.3.0.pack
                ARM::CMSIS:CORE:5.1.1
                CMSIS (Cortex Microcontroller Software Interface Standard)
   * Component: CORE Version: 5.1.1

<h2>Collection of Component include folders:</h2>
  C:\Users\46071\Desktop\ADC-PWM_1\ADC-PWM_1\ADC_PWM\MDK-ARM\RTE
  D:\SOFT\Keil\ARM\PACK\ARM\CMSIS\5.3.0\CMSIS\Include
  D:\SOFT\Keil\ARM\PACK\Keil\STM32F1xx_DFP\2.2.0\Device\Include

<h2>Collection of Component Files used:</h2>

   * Component: ARM::CMSIS:CORE:5.1.1
</pre>
</body>
</html>
